GnuCOBOL 3.0-rc1.0      READIDX.cob                                                   Sun Jan 26 11:14:58 2020  Page 0001

LINE    PG/LN  A...B............................................................SEQUENCE

000001        *=========================== READIDX ============================*
000002        * Authors: Brian D Pead
000003        *
000004        * License: MIT
000005        *
000006        * Description: Reads the indexed file created by program BLDFILES
000007        *              in the specfied manner, and displays the records
000008        *              read.
000009        *
000010        * Date        Version  Description
000011        * ----        -------  -----------
000012        * 2020-01-24  0.1      First release
000013        *================================================================*
000014
000015         IDENTIFICATION DIVISION.
000016        *========================
000017
000018         PROGRAM-ID.                 READIDX.
000019
000020         ENVIRONMENT DIVISION.
000021        *=====================
000022
000023         CONFIGURATION SECTION.
000024        *----------------------
000025
000026         SOURCE-COMPUTER.
000027             IBM-Z15.
000028        *    IBM-Z15 DEBUGGING MODE.
000029
000030         INPUT-OUTPUT SECTION.
000031        *---------------------
000032
000033         FILE-CONTROL.
000034             SELECT NAMADDIX         ASSIGN "Data\NAMEADDR.Idx.dat"
000035                                     ORGANIZATION INDEXED
000036                                     ACCESS DYNAMIC
000037                                     RECORD KEY NA-TAXID
000038                                     ALTERNATE KEY NA-LAST-NAME
000039                                         WITH DUPLICATES
000040                                     FILE STATUS W-FILE-STATUS.
GnuCOBOL 3.0-rc1.0      READIDX.cob                                                   Sun Jan 26 11:14:58 2020  Page 0002

LINE    PG/LN  A...B............................................................SEQUENCE

000041        /
000042         DATA DIVISION.
000043        *==============
000044
000045         FILE SECTION.
000046        *-------------
000047
000048         FD  NAMADDIX.
000049
000050         01  NAMADDIX-REC.           COPY NAMEADDR.
000001C       *01  NAMEADDR-REC.
000002C            05  NA-TAXID            PIC X(12).
000003C            05  NA-NAME.
000004C                10  NA-PREFIX       PIC X(10).
000005C                10  NA-FIRST-NAME   PIC X(25).
000006C                10  NA-LAST-NAME    PIC X(35).
000007C                10  NA-SUFFIX       PIC X(10).
000008C            05  NA-ADDRESS.
000009C                10  NA-STREET       PIC X(35).
000010C                10  NA-CITY         PIC X(25).
000011C                10  NA-STATE        PIC X(10).
000012C                10  NA-ZIP-CODE     PIC X(10).
warning: line not terminated by a newline
000051
000052         WORKING-STORAGE SECTION.
000053        *------------------------
000054
000055         01  W-NAMADDIX-RECS         PIC 9(09)  COMP VALUE 0.
000056         01  W-RETURN-CODE           PIC S9(04) COMP.
000057         01  W-DISP-NUM              PIC ZZ,ZZ9.
000058
000059         01  W-ERROR-MSG             PIC X(20)       VALUE
000060             '**** READIDX error: '.
000061
000062         01  W-READ-METHOD           PIC X(01).
000063             88  W-READ-METHOD-RANDOM                VALUE 'R'.
000064             88  W-READ-METHOD-SEQUENTIAL            VALUE 'S'.
000065             88  W-READ-METHOD-EXIT                  VALUE ' '.
000066             88  W-READ-METHOD-VALID                 VALUE 'R'
000067                                                           'S'
000068                                                           ' '.
000069         01  W-READ-KEY-FIELD              PIC X(01).
000070             88  W-READ-KEY-FIELD-LAST-NAME          VALUE 'L'.
000071             88  W-READ-KEY-FIELD-TAXID              VALUE 'T'.
000072             88  W-READ-KEY-FIELD-EXIT               VALUE ' '.
000073             88  W-READ-KEY-FIELD-VALID              VALUE 'L'
000074                                                           'T'
000075                                                           ' '.
000076         01  W-KEY-VALUE             PIC X(35).
000077             88  W-KEY-VALUE-EXIT                    VALUE SPACES.
000078
000079         01  FILLER                  PIC X(01).
GnuCOBOL 3.0-rc1.0      READIDX.cob                                                   Sun Jan 26 11:14:58 2020  Page 0003

LINE    PG/LN  A...B............................................................SEQUENCE

000080             88  W-INVALID-KEY                       VALUE 'Y'.
000081             88  W-NOT-INVALID-KEY                   VALUE 'N'.
000082
000083         01  FILLER                  PIC X(01).
000084             88  W-EOF                               VALUE 'Y'.
000085             88  W-NOT-EOF                           VALUE 'N'.
000086
000087         01  W-FILE-STATUS           PIC X(02).
000088             88  W-FILE-STATUS-GOOD                  VALUE '00'.
000089
000090         01  W-COMPILED-DATE.
000091             05  W-COMPILED-DATE-YYYY
000092                                     PIC X(04).
000093             05  W-COMPILED-DATE-MM  PIC X(02).
000094             05  W-COMPILED-DATE-DD  PIC X(02).
000095             05  W-COMPILED-TIME-HH  PIC X(02).
000096             05  W-COMPILED-TIME-MM  PIC X(02).
000097             05  W-COMPILED-TIME-SS  PIC X(02).
000098             05  FILLER              PIC X(07).
GnuCOBOL 3.0-rc1.0      READIDX.cob                                                   Sun Jan 26 11:14:58 2020  Page 0004

LINE    PG/LN  A...B............................................................SEQUENCE

000099        /
000100         PROCEDURE DIVISION.
000101        *===================
000102
000103         MAIN.
000104        *-----
000105
000106             PERFORM SUB-1000-START-UP THRU SUB-1000-EXIT
000107
000108             IF      W-RETURN-CODE NOT = 0
000109                 GO TO MAIN-EXIT
000110             END-IF
000111
000112             PERFORM SUB-9100-GET-READ-METHOD THRU SUB-9100-EXIT
000113
000114             PERFORM SUB-2000-PROCESS-READ-METHOD THRU SUB-2000-EXIT
000115                 UNTIL W-READ-METHOD-EXIT
000116                 OR    W-RETURN-CODE NOT = 0
000117
000118             PERFORM SUB-3000-SHUT-DOWN THRU SUB-3000-EXIT
000119             .
000120         MAIN-EXIT.
000121             STOP RUN.
GnuCOBOL 3.0-rc1.0      READIDX.cob                                                   Sun Jan 26 11:14:58 2020  Page 0005

LINE    PG/LN  A...B............................................................SEQUENCE

000122        /
000123         SUB-1000-START-UP.
000124        *------------------
000125
000126             MOVE 0                  TO W-RETURN-CODE
000127             MOVE FUNCTION WHEN-COMPILED
000128                                     TO W-COMPILED-DATE
000129
000130             DISPLAY 'READIDX compiled on '
000131                 W-COMPILED-DATE-YYYY '/'
000132                 W-COMPILED-DATE-MM   '/'
000133                 W-COMPILED-DATE-DD   ' at '
000134                 W-COMPILED-TIME-HH   ':'
000135                 W-COMPILED-TIME-MM   ':'
000136                 W-COMPILED-TIME-SS
000137
000138             OPEN INPUT NAMADDIX
000139
000140             IF      NOT W-FILE-STATUS-GOOD
000141                 DISPLAY W-ERROR-MSG
000142                         'File status '
000143                         W-FILE-STATUS
000144                         ' opening NAMADDIX'
000145                 MOVE 10             TO W-RETURN-CODE
000146             END-IF
000147             .
000148         SUB-1000-EXIT.
000149             EXIT.
GnuCOBOL 3.0-rc1.0      READIDX.cob                                                   Sun Jan 26 11:14:58 2020  Page 0006

LINE    PG/LN  A...B............................................................SEQUENCE

000150        /
000151         SUB-2000-PROCESS-READ-METHOD.
000152        *-----------------------------
000153
000154             PERFORM SUB-9200-GET-READ-KEY-FIELD THRU SUB-9200-EXIT
000155
000156             IF      W-READ-METHOD-RANDOM
000157                 PERFORM SUB-9300-GET-KEY-VALUE THRU SUB-9300-EXIT
000158
000159                 PERFORM SUB-2100-READ-RANDOM THRU SUB-2100-EXIT
000160                     UNTIL W-KEY-VALUE-EXIT
000161             ELSE
000162                 PERFORM SUB-2200-READ-SEQUENTIAL THRU SUB-2200-EXIT
000163                     UNTIL W-READ-KEY-FIELD-EXIT
000164                     OR    W-RETURN-CODE NOT = 0
000165             END-IF
000166
000167             IF      W-RETURN-CODE NOT = 0
000168                 GO TO SUB-2000-EXIT
000169             END-IF
000170
000171             PERFORM SUB-9100-GET-READ-METHOD THRU SUB-9100-EXIT
000172             .
000173         SUB-2000-EXIT.
000174             EXIT.
GnuCOBOL 3.0-rc1.0      READIDX.cob                                                   Sun Jan 26 11:14:58 2020  Page 0007

LINE    PG/LN  A...B............................................................SEQUENCE

000175        /
000176         SUB-2100-READ-RANDOM.
000177        *---------------------
000178
000179             PERFORM SUB-9400-READ-NAMADDIX-RANDOM THRU SUB-9400-EXIT
000180
000181             IF      W-NOT-INVALID-KEY
000182                 DISPLAY NAMADDIX-REC
000183             END-IF
000184
000185             PERFORM SUB-9300-GET-KEY-VALUE THRU SUB-9300-EXIT
000186             .
000187         SUB-2100-EXIT.
000188             EXIT.
GnuCOBOL 3.0-rc1.0      READIDX.cob                                                   Sun Jan 26 11:14:58 2020  Page 0008

LINE    PG/LN  A...B............................................................SEQUENCE

000189        /
000190         SUB-2200-READ-SEQUENTIAL.
000191        *-------------------------
000192
000193             PERFORM SUB-9500-START-NAMADDIX THRU SUB-9500-EXIT
000194
000195             IF      W-RETURN-CODE NOT = 0
000196                 GO TO SUB-2200-EXIT
000197             END-IF
000198
000199             SET  W-NOT-EOF          TO TRUE
000200
000201             PERFORM SUB-9600-READ-NAMADDIX-SEQ THRU SUB-9600-EXIT
000202
000203             PERFORM UNTIL W-EOF
000204                     OR    W-RETURN-CODE NOT = 0
000205                 DISPLAY NAMADDIX-REC
000206
000207                 PERFORM SUB-9600-READ-NAMADDIX-SEQ THRU SUB-9600-EXIT
000208             END-PERFORM
000209
000210             IF      W-RETURN-CODE NOT = 0
000211                 GO TO SUB-2200-EXIT
000212             END-IF
000213
000214             PERFORM SUB-9200-GET-READ-KEY-FIELD THRU SUB-9200-EXIT
000215             .
000216         SUB-2200-EXIT.
000217             EXIT.
GnuCOBOL 3.0-rc1.0      READIDX.cob                                                   Sun Jan 26 11:14:58 2020  Page 0009

LINE    PG/LN  A...B............................................................SEQUENCE

000218        /
000219         SUB-3000-SHUT-DOWN.
000220        *-------------------
000221
000222             CLOSE NAMADDIX
000223
000224             MOVE W-NAMADDIX-RECS    TO W-DISP-NUM
000225             DISPLAY 'NAMADDIX records read:    '
000226                     W-DISP-NUM
000227
000228             DISPLAY 'READIDX Completed'
000229             .
000230         SUB-3000-EXIT.
000231             EXIT.
GnuCOBOL 3.0-rc1.0      READIDX.cob                                                   Sun Jan 26 11:14:58 2020  Page 0010

LINE    PG/LN  A...B............................................................SEQUENCE

000232        /
000233         SUB-9100-GET-READ-METHOD.
000234        *-------------------------
000235
000236             MOVE 'X'                TO W-READ-METHOD
000237
000238             PERFORM UNTIL W-READ-METHOD-VALID
000239                 DISPLAY 'Enter R for random reads, S for sequential, '
000240                         'space to exit: '
000241                     NO ADVANCING
000242
000243                 ACCEPT W-READ-METHOD
000244
000245                 MOVE FUNCTION UPPER-CASE(W-READ-METHOD)
000246                                     TO W-READ-METHOD
000247             END-PERFORM
000248             .
000249         SUB-9100-EXIT.
000250             EXIT.
GnuCOBOL 3.0-rc1.0      READIDX.cob                                                   Sun Jan 26 11:14:58 2020  Page 0011

LINE    PG/LN  A...B............................................................SEQUENCE

000251        /
000252         SUB-9200-GET-READ-KEY-FIELD.
000253        *----------------------------
000254
000255             MOVE 'X'                TO W-READ-KEY-FIELD
000256
000257             PERFORM UNTIL W-READ-KEY-FIELD-VALID
000258                 DISPLAY 'Enter L for last name key, T for taxid, '
000259                         'space to exit: '
000260                     NO ADVANCING
000261
000262                 ACCEPT W-READ-KEY-FIELD
000263
000264                 MOVE FUNCTION UPPER-CASE(W-READ-KEY-FIELD)
000265                                     TO W-READ-KEY-FIELD
000266             END-PERFORM
000267             .
000268         SUB-9200-EXIT.
000269             EXIT.
GnuCOBOL 3.0-rc1.0      READIDX.cob                                                   Sun Jan 26 11:14:58 2020  Page 0012

LINE    PG/LN  A...B............................................................SEQUENCE

000270        /
000271         SUB-9300-GET-KEY-VALUE.
000272        *-----------------------
000273
000274             DISPLAY 'Enter key value or space to exit: '
000275                 NO ADVANCING
000276
000277             ACCEPT W-KEY-VALUE
000278             .
000279         SUB-9300-EXIT.
000280             EXIT.
GnuCOBOL 3.0-rc1.0      READIDX.cob                                                   Sun Jan 26 11:14:58 2020  Page 0013

LINE    PG/LN  A...B............................................................SEQUENCE

000281        /
000282         SUB-9400-READ-NAMADDIX-RANDOM.
000283        *------------------------------
000284
000285             IF      W-READ-KEY-FIELD-LAST-NAME
000286                 MOVE W-KEY-VALUE    TO NA-LAST-NAME
000287
000288                 READ NAMADDIX
000289                     KEY NA-LAST-NAME
000290                     INVALID KEY
000291                         SET  W-INVALID-KEY
000292                                     TO TRUE
000293                         DISPLAY 'Key not on file: '
000294                                 NA-LAST-NAME
000295                         GO TO SUB-9400-EXIT
000296                 END-READ
000297             ELSE
000298                 MOVE W-KEY-VALUE    TO NA-TAXID
000299
000300                 READ NAMADDIX
000301                     KEY NA-TAXID
000302                     INVALID KEY
000303                         SET  W-INVALID-KEY
000304                                     TO TRUE
000305                         DISPLAY 'Key not on file: '
000306                                 NA-TAXID
000307                         GO TO SUB-9400-EXIT
000308                 END-READ
000309             END-IF
000310
000311             IF      W-FILE-STATUS-GOOD
000312                 SET  W-NOT-INVALID-KEY
000313                                     TO TRUE
000314                 ADD  1              TO W-NAMADDIX-RECS
000315             ELSE
000316                 DISPLAY W-ERROR-MSG
000317                         'File status '
000318                         W-FILE-STATUS
000319                         ' reading NAMADDIX key'
000320                 MOVE 20             TO W-RETURN-CODE
000321             END-IF
000322             .
000323         SUB-9400-EXIT.
000324             EXIT.
GnuCOBOL 3.0-rc1.0      READIDX.cob                                                   Sun Jan 26 11:14:58 2020  Page 0014

LINE    PG/LN  A...B............................................................SEQUENCE

000325        /
000326         SUB-9500-START-NAMADDIX.
000327        *------------------------
000328
000329             IF      W-READ-KEY-FIELD-LAST-NAME
000330                 MOVE LOW-VALUES     TO NA-LAST-NAME
000331
000332                 START NAMADDIX
000333                     KEY >= NA-LAST-NAME
000334                 END-START
000335             ELSE
000336                 MOVE LOW-VALUES     TO NA-TAXID
000337
000338                 START NAMADDIX
000339                     KEY >= NA-TAXID
000340                 END-START
000341             END-IF
000342
000343             IF      NOT W-FILE-STATUS-GOOD
000344                 DISPLAY W-ERROR-MSG
000345                         'File status '
000346                         W-FILE-STATUS
000347                         ' starting NAMADDIX'
000348                 MOVE 40             TO W-RETURN-CODE
000349             END-IF
000350             .
000351         SUB-9500-EXIT.
000352             EXIT.
GnuCOBOL 3.0-rc1.0      READIDX.cob                                                   Sun Jan 26 11:14:58 2020  Page 0015

LINE    PG/LN  A...B............................................................SEQUENCE

000353        /
000354         SUB-9600-READ-NAMADDIX-SEQ.
000355        *---------------------------
000356
000357             READ NAMADDIX NEXT
000358                 AT END
000359                     SET  W-EOF      TO TRUE
000360                     GO TO SUB-9600-EXIT
000361             END-READ
000362
000363             IF      W-FILE-STATUS-GOOD
000364                 ADD  1              TO W-NAMADDIX-RECS
000365             ELSE
000366                 DISPLAY W-ERROR-MSG
000367                         'File status '
000368                         W-FILE-STATUS
000369                         ' reading NAMADDIX next record'
000370                 MOVE 50             TO W-RETURN-CODE
000371             END-IF
000372             .
000373         SUB-9600-EXIT.
000374             EXIT.
GnuCOBOL 3.0-rc1.0      READIDX.cob                                                   Sun Jan 26 11:14:58 2020  Page 0016

SIZE  TYPE           LVL  NAME                           PICTURE

00172 FILE                NAMADDIX
00172 GROUP          01   NAMADDIX-REC
00012 ALPHANUMERIC   05   NA-TAXID                       X(12)
00080 GROUP          05   NA-NAME
00010 ALPHANUMERIC   10   NA-PREFIX                      X(10)
00025 ALPHANUMERIC   10   NA-FIRST-NAME                  X(25)
00035 ALPHANUMERIC   10   NA-LAST-NAME                   X(35)
00010 ALPHANUMERIC   10   NA-SUFFIX                      X(10)
00080 GROUP          05   NA-ADDRESS
00035 ALPHANUMERIC   10   NA-STREET                      X(35)
00025 ALPHANUMERIC   10   NA-CITY                        X(25)
00010 ALPHANUMERIC   10   NA-STATE                       X(10)
00010 ALPHANUMERIC   10   NA-ZIP-CODE                    X(10)

      WORKING-STORAGE SECTION

00004 NUMERIC        01   W-NAMADDIX-RECS                9(09) COMP

00002 NUMERIC        01   W-RETURN-CODE                  S9(04) COMP

00006 NUMERIC        01   W-DISP-NUM                     ZZ,ZZ9

00020 ALPHANUMERIC   01   W-ERROR-MSG                    X(20)

00001 ALPHANUMERIC   01   W-READ-METHOD                  X(01)
      CONDITIONAL    88   W-READ-METHOD-RANDOM
      CONDITIONAL    88   W-READ-METHOD-SEQUENTIAL
      CONDITIONAL    88   W-READ-METHOD-EXIT
      CONDITIONAL    88   W-READ-METHOD-VALID

00001 ALPHANUMERIC   01   W-READ-KEY-FIELD               X(01)
      CONDITIONAL    88   W-READ-KEY-FIELD-LAST-NAME
      CONDITIONAL    88   W-READ-KEY-FIELD-TAXID
      CONDITIONAL    88   W-READ-KEY-FIELD-EXIT
      CONDITIONAL    88   W-READ-KEY-FIELD-VALID

00035 ALPHANUMERIC   01   W-KEY-VALUE                    X(35)
      CONDITIONAL    88   W-KEY-VALUE-EXIT

00001 ALPHANUMERIC   01   FILLER                         X(01)
      CONDITIONAL    88   W-INVALID-KEY
      CONDITIONAL    88   W-NOT-INVALID-KEY

00001 ALPHANUMERIC   01   FILLER                         X(01)
      CONDITIONAL    88   W-EOF
      CONDITIONAL    88   W-NOT-EOF

00002 ALPHANUMERIC   01   W-FILE-STATUS                  X(02)
      CONDITIONAL    88   W-FILE-STATUS-GOOD

00021 GROUP          01   W-COMPILED-DATE
GnuCOBOL 3.0-rc1.0      READIDX.cob                                                   Sun Jan 26 11:14:58 2020  Page 0017

SIZE  TYPE           LVL  NAME                           PICTURE

00004 ALPHANUMERIC   05   W-COMPILED-DATE-YYYY           X(04)
00002 ALPHANUMERIC   05   W-COMPILED-DATE-MM             X(02)
00002 ALPHANUMERIC   05   W-COMPILED-DATE-DD             X(02)
00002 ALPHANUMERIC   05   W-COMPILED-TIME-HH             X(02)
00002 ALPHANUMERIC   05   W-COMPILED-TIME-MM             X(02)
00002 ALPHANUMERIC   05   W-COMPILED-TIME-SS             X(02)
00007 ALPHANUMERIC   05   FILLER                         X(07)


GnuCOBOL 3.0-rc1.0      READIDX.cob                                                   Sun Jan 26 11:14:58 2020  Page 0018

Error/Warning summary:

E:/Users/Brian D Pead/Documents/GnuCOBOL Projects/GC-Examples/CopyBooks/NAMEADDR.CPY:12: warning: line not terminated by a newline

1 warning in compilation group
0 errors in compilation group
