GnuCOBOL 3.0-rc1.0      TESTIO2.cob                                                   Sun Feb 09 09:58:45 2020  Page 0001

LINE    PG/LN  A...B............................................................SEQUENCE

000001        *========================== TESTIO2 =============================*
000002        * Authors: Brian D Pead
000003        *
000004        * License: MIT
000005        *
000006        * Description: Test writing a variable length record
000007        *     sequential file. This shows that GnuCOBOL creates RDWs
000008        *     similar to the IBM mainframe (when COB_VARSEQ_FORMAT=0, the
000009        *     default), but the RDW record length does not include itself,
000010        *     i.e. it is 4 less than the mainframe.
000011        *
000012        *     Environment name: COB_VARSEQ_FORMAT
000013        *     Parameter name:   varseq_format
000014        *     Purpose:          Declare format used for variable length
000015        *                       sequential files
000016        *                       - different types and lengths precede each
000017        *                         record
000018        *                       - length is the data length, does not
000019        *                         include the prefix
000020        *     Type: 0 means 2 byte record length (big-endian) + 2 NULs
000021        *           1 means 4 byte record length (big-endian)
000022        *           2 means 4 byte record length (local machine int)
000023        *           3 means 2 byte record length (big-endian)
000024        *     Default: 0
000025        *
000026        * Date        Version  Description
000027        * ----        -------  -----------
000028        * 2020-02-08  1.0      First release
000029        *================================================================*
000030
000031         IDENTIFICATION DIVISION.
000032        *========================
000033
000034         PROGRAM-ID.                 TESTIO2.
000035
000036         ENVIRONMENT DIVISION.
000037        *=====================
000038
000039         CONFIGURATION SECTION.
000040        *----------------------
000041
000042         SOURCE-COMPUTER.
000043             IBM-Z15.
000044        *    IBM-Z15 DEBUGGING MODE.
000045
000046         INPUT-OUTPUT SECTION.
000047        *---------------------
000048
000049         FILE-CONTROL.
000050             SELECT TESTIO2O         ASSIGN 'Data\TESTIO2.Output.bin'
000051                                     ORGANIZATION SEQUENTIAL.
GnuCOBOL 3.0-rc1.0      TESTIO2.cob                                                   Sun Feb 09 09:58:45 2020  Page 0002

LINE    PG/LN  A...B............................................................SEQUENCE

000052        /
000053         DATA DIVISION.
000054        *==============
000055
000056         FILE SECTION.
000057        *-------------
000058
000059         FD  TESTIO2O
000060             RECORD VARYING 25 TO 15000
000061             DEPENDING W-RECLEN.
000062
000063         01  TESTIO2O-REC.
000064             05  TO-CHAR             PIC X           OCCURS 25 TO 15000
000065                                                     DEPENDING W-RECLEN
000066                                                     INDEXED TO-DX.
000067
000068         WORKING-STORAGE SECTION.
000069        *------------------------
000070
000071         01  W-TESTIO2O-RECS         PIC 9(09)  COMP VALUE 0.
000072         01  W-RANDOM-NO             PIC V9(09) COMP.
000073         01  W-RECLEN                PIC S9(09) COMP.
000074         01  W-RECLEN-MIN            PIC S9(09) COMP VALUE 25.
000075         01  W-RECLEN-MAX            PIC S9(09) COMP VALUE 15000.
000076         01  W-OUTPUT-MIN            PIC 9(09)  COMP VALUE 999999999.
000077         01  W-OUTPUT-MAX            PIC 9(09)  COMP VALUE 0.
000078         01  W-QUOTIENT              PIC 9(09)  COMP.
000079         01  W-REMAINDER             PIC 9(09)  COMP.
000080         01  W-DISP-NUM              PIC ZZ,ZZZ,ZZ9.
000081
000082         01  W-ERROR-MSG             PIC X(21)       VALUE
000083             '**** TESTIO2 error: '.
000084
000085         01  W-COMPILED-DATE.
000086             05  W-COMPILED-DATE-YYYY
000087                                     PIC X(04).
000088             05  W-COMPILED-DATE-MM  PIC X(02).
000089             05  W-COMPILED-DATE-DD  PIC X(02).
000090             05  W-COMPILED-TIME-HH  PIC X(02).
000091             05  W-COMPILED-TIME-MM  PIC X(02).
000092             05  W-COMPILED-TIME-SS  PIC X(02).
000093             05  FILLER              PIC X(07).
000094
000095         01  W-CHAR-BIN              PIC S9(04) COMP.
000096         01  FILLER REDEFINES W-CHAR-BIN.
000097             05  FILLER              PIC X.
000098             05  W-CHAR              PIC X.
GnuCOBOL 3.0-rc1.0      TESTIO2.cob                                                   Sun Feb 09 09:58:45 2020  Page 0003

LINE    PG/LN  A...B............................................................SEQUENCE

000099        /
000100         PROCEDURE DIVISION.
000101        *===================
000102
000103         MAIN.
000104        *-----
000105
000106             PERFORM SUB-1000-START-UP THRU SUB-1000-EXIT
000107
000108             PERFORM SUB-2000-PROCESS THRU SUB-2000-EXIT
000109                 UNTIL W-TESTIO2O-RECS >= 12345
000110
000111             PERFORM SUB-3000-SHUT-DOWN THRU SUB-3000-EXIT
000112             .
000113         MAIN-EXIT.
000114             STOP RUN.
GnuCOBOL 3.0-rc1.0      TESTIO2.cob                                                   Sun Feb 09 09:58:45 2020  Page 0004

LINE    PG/LN  A...B............................................................SEQUENCE

000115        /
000116         SUB-1000-START-UP.
000117        *------------------
000118
000119             MOVE FUNCTION WHEN-COMPILED
000120                                     TO W-COMPILED-DATE
000121
000122             DISPLAY 'TESTIO2 compiled on '
000123                 W-COMPILED-DATE-YYYY '/'
000124                 W-COMPILED-DATE-MM   '/'
000125                 W-COMPILED-DATE-DD   ' at '
000126                 W-COMPILED-TIME-HH   ':'
000127                 W-COMPILED-TIME-MM   ':'
000128                 W-COMPILED-TIME-SS
000129
000130             OPEN OUTPUT TESTIO2O
000131             .
000132         SUB-1000-EXIT.
000133             EXIT.
GnuCOBOL 3.0-rc1.0      TESTIO2.cob                                                   Sun Feb 09 09:58:45 2020  Page 0005

LINE    PG/LN  A...B............................................................SEQUENCE

000134        /
000135         SUB-2000-PROCESS.
000136        *-----------------
000137
000138             MOVE FUNCTION RANDOM    TO W-RANDOM-NO
000139             COMPUTE W-RECLEN        =  W-RANDOM-NO
000140                                        * (W-RECLEN-MAX
000141                                           - W-RECLEN-MIN
000142                                           + 1)
000143                                        + W-RECLEN-MIN
000144
000145        *    DISPLAY 'W-RECLEN = '
000146        *            W-RECLEN
000147
000148             IF      W-RECLEN < W-OUTPUT-MIN
000149                 MOVE W-RECLEN       TO W-OUTPUT-MIN
000150             END-IF
000151
000152             IF      W-RECLEN > W-OUTPUT-MAX
000153                 MOVE W-RECLEN       TO W-OUTPUT-MAX
000154             END-IF
000155
000156             PERFORM SUB-2100-POPULATE-REC THRU SUB-2100-EXIT
000157
000158             PERFORM SUB-9100-WRITE-TESTIO2O THRU SUB-9100-EXIT
000159             .
000160         SUB-2000-EXIT.
000161             EXIT.
GnuCOBOL 3.0-rc1.0      TESTIO2.cob                                                   Sun Feb 09 09:58:45 2020  Page 0006

LINE    PG/LN  A...B............................................................SEQUENCE

000162        /
000163         SUB-2100-POPULATE-REC.
000164        *----------------------
000165
000166             COMPUTE W-CHAR-BIN      =  FUNCTION RANDOM * 256
000167
000168             PERFORM VARYING TO-DX FROM 1 BY 1
000169                       UNTIL TO-DX > W-RECLEN
000170                 MOVE W-CHAR         TO TO-CHAR(TO-DX)
000171             END-PERFORM
000172             .
000173         SUB-2100-EXIT.
000174             EXIT.
GnuCOBOL 3.0-rc1.0      TESTIO2.cob                                                   Sun Feb 09 09:58:45 2020  Page 0007

LINE    PG/LN  A...B............................................................SEQUENCE

000175        /
000176         SUB-3000-SHUT-DOWN.
000177        *-------------------
000178
000179             CLOSE TESTIO2O
000180
000181             MOVE W-OUTPUT-MIN       TO W-DISP-NUM
000182             DISPLAY 'Shortest record length:   '
000183                     W-DISP-NUM
000184
000185             MOVE W-OUTPUT-MAX       TO W-DISP-NUM
000186             DISPLAY 'Longest  record length:   '
000187                     W-DISP-NUM
000188
000189             MOVE W-TESTIO2O-RECS    TO W-DISP-NUM
000190             DISPLAY 'TESTIO2O records written: '
000191                     W-DISP-NUM
000192
000193             DISPLAY 'TESTIO2 completed'
000194             .
000195         SUB-3000-EXIT.
000196             EXIT.
GnuCOBOL 3.0-rc1.0      TESTIO2.cob                                                   Sun Feb 09 09:58:45 2020  Page 0008

LINE    PG/LN  A...B............................................................SEQUENCE

000197        /
000198         SUB-9100-WRITE-TESTIO2O.
000199        *------------------------
000200
000201             WRITE TESTIO2O-REC
000202
000203             ADD  1                  TO W-TESTIO2O-RECS
000204
000205             DIVIDE W-TESTIO2O-RECS  BY 10000
000206                                 GIVING W-QUOTIENT
000207                              REMAINDER W-REMAINDER
000208
000209             IF      W-REMAINDER = 0
000210                 MOVE W-TESTIO2O-RECS
000211                                     TO W-DISP-NUM
000212                 DISPLAY '    Records written: '
000213                         W-DISP-NUM
000214             END-IF
000215             .
000216         SUB-9100-EXIT.
000217             EXIT.
GnuCOBOL 3.0-rc1.0      TESTIO2.cob                                                   Sun Feb 09 09:58:45 2020  Page 0009

SIZE  TYPE           LVL  NAME                           PICTURE

15000 FILE                TESTIO2O
15000 GROUP          01   TESTIO2O-REC
00001 ALPHANUMERIC   05   TO-CHAR                        X, OCCURS 25 TO 15000

      WORKING-STORAGE SECTION

00004 NUMERIC        01   W-TESTIO2O-RECS                9(09) COMP

00004 NUMERIC        01   W-RANDOM-NO                    V9(09) COMP

00004 NUMERIC        01   W-RECLEN                       S9(09) COMP

00004 NUMERIC        01   W-RECLEN-MIN                   S9(09) COMP

00004 NUMERIC        01   W-RECLEN-MAX                   S9(09) COMP

00004 NUMERIC        01   W-OUTPUT-MIN                   9(09) COMP

00004 NUMERIC        01   W-OUTPUT-MAX                   9(09) COMP

00004 NUMERIC        01   W-QUOTIENT                     9(09) COMP

00004 NUMERIC        01   W-REMAINDER                    9(09) COMP

00010 NUMERIC        01   W-DISP-NUM                     ZZ,ZZZ,ZZ9

00021 ALPHANUMERIC   01   W-ERROR-MSG                    X(21)

00021 GROUP          01   W-COMPILED-DATE
00004 ALPHANUMERIC   05   W-COMPILED-DATE-YYYY           X(04)
00002 ALPHANUMERIC   05   W-COMPILED-DATE-MM             X(02)
00002 ALPHANUMERIC   05   W-COMPILED-DATE-DD             X(02)
00002 ALPHANUMERIC   05   W-COMPILED-TIME-HH             X(02)
00002 ALPHANUMERIC   05   W-COMPILED-TIME-MM             X(02)
00002 ALPHANUMERIC   05   W-COMPILED-TIME-SS             X(02)
00007 ALPHANUMERIC   05   FILLER                         X(07)

00002 NUMERIC        01   W-CHAR-BIN                     S9(04) COMP

00002 GROUP          01   FILLER, REDEFINES W-CHAR-BIN
00001 ALPHANUMERIC   05   FILLER                         X
00001 ALPHANUMERIC   05   W-CHAR                         X


0 warnings in compilation group
0 errors in compilation group
